// Jest Snapshot v1, https://goo.gl/fbAQLP

exports[`<FlagModal /> should render properly 1`] = `
<ModalContainer
  changeRadio={[Function]}
  checkedRadio={false}
  hideModalFunc={[Function]}
/>
`;
